Repository 'R1 LASER(PCRC-MDEUSGC7HF)', 'C:\Users\ZINK-ERREKA\Documents\WorkVisual 6.0\Repositories\R1 LASER(PCRC-MDEUSGC7HF)'
====================================================================================================

2026-03-18 11:21:55.158  | CHANGED | C:\Users\ZINK-ERREKA\Documents\WorkVisual 6.0\Repositories\R1 LASER(PCRC-MDEUSGC7HF)\KRC\R1\Program\Libraries\posCalcLib.src
2026-03-18 11:21:55.166  | CHANGED | C:\Users\ZINK-ERREKA\Documents\WorkVisual 6.0\Repositories\R1 LASER(PCRC-MDEUSGC7HF)\KRC\R1\Program\Libraries\posCalcLib.src
2026-03-18 11:21:55.167  | CHANGED | C:\Users\ZINK-ERREKA\Documents\WorkVisual 6.0\Repositories\R1 LASER(PCRC-MDEUSGC7HF)\KRC\R1\Program\Libraries\posCalcLib.src
2026-03-18 11:21:55.168  | CHANGED | C:\Users\ZINK-ERREKA\Documents\WorkVisual 6.0\Repositories\R1 LASER(PCRC-MDEUSGC7HF)\KRC\R1\Program\Libraries\posCalcLib.src
2026-03-19 10:41:44.754  | CHANGED | C:\Users\ZINK-ERREKA\Documents\WorkVisual 6.0\Repositories\R1 LASER(PCRC-MDEUSGC7HF)\Connections.xml
2026-03-19 10:41:44.754  | CHANGED | C:\Users\ZINK-ERREKA\Documents\WorkVisual 6.0\Repositories\R1 LASER(PCRC-MDEUSGC7HF)\Connections.xml
2026-03-22 10:41:47.263  | CHANGED | C:\Users\ZINK-ERREKA\Documents\WorkVisual 6.0\Repositories\R1 LASER(PCRC-MDEUSGC7HF)\Connections.xml
2026-03-22 10:41:47.263  | CHANGED | C:\Users\ZINK-ERREKA\Documents\WorkVisual 6.0\Repositories\R1 LASER(PCRC-MDEUSGC7HF)\Connections.xml
2026-03-23 10:41:48.086  | CHANGED | C:\Users\ZINK-ERREKA\Documents\WorkVisual 6.0\Repositories\R1 LASER(PCRC-MDEUSGC7HF)\Connections.xml
2026-03-23 10:41:48.087  | CHANGED | C:\Users\ZINK-ERREKA\Documents\WorkVisual 6.0\Repositories\R1 LASER(PCRC-MDEUSGC7HF)\Connections.xml
2026-03-26 10:41:55.616  | CHANGED | C:\Users\ZINK-ERREKA\Documents\WorkVisual 6.0\Repositories\R1 LASER(PCRC-MDEUSGC7HF)\Connections.xml
2026-03-26 10:41:55.616  | CHANGED | C:\Users\ZINK-ERREKA\Documents\WorkVisual 6.0\Repositories\R1 LASER(PCRC-MDEUSGC7HF)\Connections.xml
2026-03-26 10:59:56.105  | CHANGED | C:\Users\ZINK-ERREKA\Documents\WorkVisual 6.0\Repositories\R1 LASER(PCRC-MDEUSGC7HF)\Connections.xml
2026-03-26 10:59:56.105  | CHANGED | C:\Users\ZINK-ERREKA\Documents\WorkVisual 6.0\Repositories\R1 LASER(PCRC-MDEUSGC7HF)\Connections.xml
2026-03-26 11:42:48.031  | CHANGED | C:\Users\ZINK-ERREKA\Documents\WorkVisual 6.0\Repositories\R1 LASER(PCRC-MDEUSGC7HF)\Connections.xml
2026-03-26 11:42:48.031  | CHANGED | C:\Users\ZINK-ERREKA\Documents\WorkVisual 6.0\Repositories\R1 LASER(PCRC-MDEUSGC7HF)\Connections.xml
2026-03-26 11:43:30.737  | CHANGED | C:\Users\ZINK-ERREKA\Documents\WorkVisual 6.0\Repositories\R1 LASER(PCRC-MDEUSGC7HF)\Connections.xml
2026-03-26 11:43:30.737  | CHANGED | C:\Users\ZINK-ERREKA\Documents\WorkVisual 6.0\Repositories\R1 LASER(PCRC-MDEUSGC7HF)\Connections.xml
2026-03-26 01:14:43.615  | CHANGED | C:\Users\ZINK-ERREKA\Documents\WorkVisual 6.0\Repositories\R1 LASER(PCRC-MDEUSGC7HF)\Connections.xml
2026-03-26 01:14:43.615  | CHANGED | C:\Users\ZINK-ERREKA\Documents\WorkVisual 6.0\Repositories\R1 LASER(PCRC-MDEUSGC7HF)\Connections.xml
2026-03-26 05:29:05.667  | CHANGED | C:\Users\ZINK-ERREKA\Documents\WorkVisual 6.0\Repositories\R1 LASER(PCRC-MDEUSGC7HF)\Modifications.xml
2026-03-26 05:29:05.667  | CHANGED | C:\Users\ZINK-ERREKA\Documents\WorkVisual 6.0\Repositories\R1 LASER(PCRC-MDEUSGC7HF)\Modifications.xml
